INFO:     Started server process [40328]
INFO:     Waiting for application startup.
{"version": "0.1.0", "environment": "dev", "commit": "bef54b4b564a", "event": "app.start", "level": "info", "timestamp": "2026-09-12T17:13:29.772986Z"}
{"event": "monitoring.watchdog_started", "level": "info", "timestamp": "2026-09-12T17:13:29.772986Z"}
Audit hooks registered for 99 tables: ['users', 'sessions', 'roles', 'role_permissions', 'api_keys', 'user_workspace_roles', 'organizations', 'user_organizations', 'user_roles', 'change_reviews', 'workspace_member_runtimes', 'daemon_runtime_grants', 'daemon_instances', 'daemon_runtimes', 'session_dialog_requests', 'daemon_task_leases', 'daemon_change_writes', 'daemon_control_commands', 'agent_session_task', 'workspaces', 'task_workspaces', 'ppm_project_workspace', 'agent_run_workspaces', 'agent_runs', 'agent_run_model_usage', 'agent_run_logs', 'agent_sessions', 'agent_session_queued_messages', 'agent_session_scheduled_messages', 'agent_group_chats', 'agent_group_members', 'agent_group_consensus_tasks', 'agent_missions', 'agent_run_dependencies', 'agent_artifacts', 'daemon_borrow_audit', 'custom_skills', 'mcp_servers', 'mcp_server_bindings', 'mcp_templates', 'platform_settings', 'tool_policies', 'skill_sources', 'user_skill_enables', 'spec_workspaces', 'spec_file_manifest', 'agent_profiles', 'changes', 'change_documents', 'change_session_links', 'quicklog_session_links', 'change_events', 'platform_change_progress', 'quicklog_entries', 'platform_agent_logs', 'tasks', 'worktree_leases', 'git_identities', 'git_operation_logs', 'file', 'ppm_problem_list', 'ppm_problem_change', 'ppm_problem_list_process_task', 'ppm_problem_change_process_task', 'ppm_problem_list_process_log', 'ppm_problem_change_process_log', 'ppm_plan_task', 'ppm_task_execute', 'ppm_work_hour', 'ppm_item_session_links', 'policy_audit_log', 'incidents', 'postmortems', 'llm_providers', 'mcp_tokens', 'mcp_webhooks', 'notifications', 'platform_sync_tokens', 'ppm_project_maintenance', 'ppm_customer_maintenance', 'ppm_project_member', 'ppm_project_stakeholder', 'ppm_kanban_comment', 'ppm_kanban_subtask', 'ppm_plan_node', 'ppm_plan_node_detail', 'ppm_plan_node_module', 'ppm_ps_project_plan', 'ppm_ps_plan_node', 'ppm_ps_plan_node_detail', 'ppm_ps_plan_node_detail_process', 'releases', 'release_approvals', 'scan_doc_conflict_history', 'scan_documents', 'spec_profile_manifests', 'spec_conflicts', 'tool_operation_logs', 'session_attachments']
{"email": "verify-admin", "user_id": "fc59e9ff-2fde-413a-aa6a-e81d8e930db1", "created": false, "event": "auth.bootstrap.admin_created", "level": "info", "timestamp": "2026-09-12T17:13:30.248878Z"}
{"workspace_owner_role_id": "ca241eae-728c-4d8f-b714-90a8cc672c8b", "workspace_roles_seeded": 0, "event": "auth.bootstrap.rbac.roles_seeded", "level": "info", "timestamp": "2026-09-12T17:13:30.355378Z"}
{"interval_seconds": 60, "event": "mission_patrol_started", "level": "info", "timestamp": "2026-09-12T17:13:31.024146Z"}
{"event": "session_reconnect_sweeper_started", "level": "info", "timestamp": "2026-09-12T17:13:31.024146Z"}
{"event": "lease_expiry_sweeper_started", "level": "info", "timestamp": "2026-09-12T17:13:31.024146Z"}
{"event": "control_command_gc_sweeper_started", "level": "info", "timestamp": "2026-09-12T17:13:31.024146Z"}
{"event": "scheduled_send_sweeper_started", "level": "info", "timestamp": "2026-09-12T17:13:31.027149Z"}
{"event": "consensus_sweeper_started", "level": "info", "timestamp": "2026-09-12T17:13:31.027149Z"}
StreamableHTTP session manager started
INFO:     Application startup complete.
INFO:     Uvicorn running on http://127.0.0.1:18099 (Press CTRL+C to quit)
{"duration_ms": 387.82, "checked": 0, "converged": 0, "redispatched": 0, "zombie_marked": 0, "zombie_revived": 0, "worker_recovered": 0, "orphan_sessions_ended": 0, "budget_force_ended": 0, "worker_force_ended": 0, "event": "mission_patrol_round_done", "level": "info", "timestamp": "2026-09-12T17:13:31.425241Z"}
{"user_id": "fc59e9ff-2fde-413a-aa6a-e81d8e930db1", "email": "verify-admin", "event": "auth.login.success", "level": "info", "timestamp": "2026-09-12T17:13:39.672438Z"}
INFO:     127.0.0.1:51246 - "POST /api/auth/login HTTP/1.1" 200 OK
{"user_id": "fc59e9ff-2fde-413a-aa6a-e81d8e930db1", "email": "verify-admin", "event": "auth.login.success", "level": "info", "timestamp": "2026-09-12T17:13:46.248734Z"}
INFO:     127.0.0.1:51262 - "POST /api/auth/login HTTP/1.1" 200 OK
{"group_id": "b0a9f10b-6f1c-4c81-8c7d-41c9e9b5df2b", "coordinator_member_id": "a7a3c9b2-d5ba-47a2-b01f-ed5398a84675", "detail": "consensus INSERT blocked by member-row lock (55P03); degraded to plain multi-mention message", "event": "group_consensus_task_lock_busy_degraded", "level": "warning", "timestamp": "2026-09-12T17:13:51.693604Z"}
{"runtime_id": "f2e2c8ca-2004-4705-8492-8973faf88e9b", "daemon_instance_id": "f2e2c8ca-2004-4705-8492-8973faf88e9b", "event": "placement_pinned_row_skipped_ws_not_connected", "level": "info", "timestamp": "2026-09-12T17:13:51.848623Z"}
{"agent_session_id": "f352e1e2-1a00-4cf8-832e-cf5f16ae6410", "user_id": "fc59e9ff-2fde-413a-aa6a-e81d8e930db1", "pinned_runtime_id": "f2e2c8ca-2004-4705-8492-8973faf88e9b", "event": "interactive_dispatch_pinned_runtime_unavailable", "level": "warning", "timestamp": "2026-09-12T17:13:51.848623Z"}
{"group_id": "b0a9f10b-6f1c-4c81-8c7d-41c9e9b5df2b", "member_id": "3654e7c2-373c-4258-9d23-47bafb4593fe", "code": "HTTP_400_GROUP_CHAT_INVALID", "reason": "\u673a\u5668\u5f53\u524d\u4e0d\u53ef\u7528\u6216\u672a\u6388\u6743\uff0c\u65e0\u6cd5\u89e6\u53d1\u3002", "event": "group_member_trigger_failed", "level": "warning", "timestamp": "2026-09-12T17:13:56.791970Z"}
{"group_id": "b0a9f10b-6f1c-4c81-8c7d-41c9e9b5df2b", "member_id": "a7a3c9b2-d5ba-47a2-b01f-ed5398a84675", "code": "HTTP_400_GROUP_CHAT_INVALID", "reason": "\u6b63\u5728\u88ab\u89e6\u53d1\u4e2d\uff0c\u8bf7\u7a0d\u540e\u91cd\u53d1\u3002", "event": "group_member_trigger_failed", "level": "warning", "timestamp": "2026-09-12T17:13:56.794001Z"}
{"method": "POST", "path": "/api/daemon/group-chats/b0a9f10b-6f1c-4c81-8c7d-41c9e9b5df2b/messages", "status_code": 200, "duration_ms": 10545.25, "request_id": "e7d9a63a-45d9-4ec0-b9f7-44f999ba9962", "event": "slow.request", "level": "warning", "timestamp": "2026-09-12T17:13:56.799471Z"}
INFO:     127.0.0.1:51263 - "POST /api/daemon/group-chats/b0a9f10b-6f1c-4c81-8c7d-41c9e9b5df2b/messages HTTP/1.1" 200 OK
{"trigger": {"method": "POST", "path": "/api/daemon/group-chats/b0a9f10b-6f1c-4c81-8c7d-41c9e9b5df2b/messages", "status_code": 200, "duration_ms": 10545.25, "request_id": "e7d9a63a-45d9-4ec0-b9f7-44f999ba9962"}, "activity": [{"pid": 731062, "state": "active", "wait_event_type": "Timeout", "wait_event": "PgSleep", "query_duration": "0:00:11.360875", "query": "\nBEGIN;\nSELECT id FROM agent_group_members WHERE id='a7a3c9b2-d5ba-47a2-b01f-ed5398a84675' FOR UPDATE;\nSELECT 'LOCKED', pg_sleep(30);\nCOMMIT;"}, {"pid": 731078, "state": "active", "wait_event_type": null, "wait_event": null, "query_duration": "-1 day, 23:59:59.854395", "query": "\n    SELECT pid, state, wait_event_type, wait_event,\n           now() - query_start AS query_duration,\n           left(query, 300) AS query\n    FROM pg_stat_activity\n    WHERE datname = current_database()\n      AND state IS DISTINCT FROM 'idle'\n    ORDER BY query_start NULLS LAST\n    LIMIT 50\n    "}], "blocking_chain": [], "event": "db.stat_activity_sample", "level": "warning", "timestamp": "2026-09-12T17:13:57.486419Z"}
{"duration_ms": 745.53, "sql": "UPDATE daemon_control_commands SET status=$1::VARCHAR WHERE daemon_control_commands.status = $2::VARCHAR AND daemon_control_commands.delivered_at IS NOT NULL AND daemon_control_commands.delivered_at < $3::TIMESTAMP WITH TIME ZONE", "parameters": "('expired', 'delivered', datetime.datetime(2026, 9, 12, 17, 4, 31, 452148, tzinfo=datetime.timezone.utc))", "event": "slow.query", "level": "warning", "timestamp": "2026-09-12T17:14:32.427505Z"}
{"blocked_ms": 637.36, "expected_interval_ms": 100.0, "event": "event_loop.blocked", "level": "warning", "timestamp": "2026-09-12T17:14:32.430568Z"}
{"duration_ms": 759.28, "sql": "SELECT agent_runs.id, agent_runs.task_id, agent_runs.lease_id, agent_runs.agent_type, agent_runs.provider, agent_runs.model, agent_runs.status, agent_runs.started_at, agent_runs.finished_at, agent_runs.exit_code, agent_runs.output_redacted, agent_runs.error_code, agent_runs.error_detail, agent_runs.spec_strategy, agent_runs.profile_version, agent_runs.agent_profile_id, agent_runs.agent_profile_snapshot, agent_runs.llm_provider_id, agent_runs.user_id, agent_runs.diff_summary, agent_runs.idempoten...", "parameters": "('orchestrator', 'failed', 'orchestrator_zombie')", "event": "slow.query", "level": "warning", "timestamp": "2026-09-12T17:14:32.442565Z"}
{"duration_ms": 1303.88, "checked": 0, "converged": 0, "redispatched": 0, "zombie_marked": 0, "zombie_revived": 0, "worker_recovered": 0, "orphan_sessions_ended": 0, "budget_force_ended": 0, "worker_force_ended": 0, "event": "mission_patrol_round_done", "level": "info", "timestamp": "2026-09-12T17:14:32.715832Z"}
